  401320       23 Code                IEXE32_TEXT
  401344      28A Code                INIT_TEXT
  4015D0    2CB4B Code                STRINGTHEORY_TEXT
  42E11C     2B73 Code                VERSIONME_TEXT
  430C90    175DD Code                XFILES_TEXT
  449000    F4E88 Initialized Data    $OXML_DATA
  53DE88       44 Initialized Data    IEXE32_DATA
  53DECC     2825 Initialized Data    STRINGTHEORY_CONST
  5406F4      A3C Initialized Data    STRINGTHEORY_DATA
  541130      60D Initialized Data    VERSIONME_CONST
  541740      28A Initialized Data    VERSIONME_DATA
  5419CC     170C Initialized Data    XFILES_CONST
  5430D8     11B4 Initialized Data    XFILES_DATA
  54428C        0 Initialized Data    __CPPINI_CONS
  54428C       54 Initialized Data    __CPPINI_CONST
  5442E0        4 Initialized Data    __CPPINI_END
  5442E4        0 Initialized Data    __INIVMT_CONS
  5442E4       30 Initialized Data    __INIVMT_CONST
  544314        0 Initialized Data    __INIVMT_CONST_END
  544320       28 Un-initialized Data STRINGTHEORY_BSS
  544348      948 Un-initialized Data VERSIONME_BSS
  544C90       48 Un-initialized Data XFILES_BSS
  545000        8 __T_L_S__DAT
  545008        0 __T_L_S__DATA_END
  545010        0 __T_L_S__BS
  545010        0 __T_L_S__BSS_END

  4045C8 SORTCASEINSENSITIVE@F14LINESGROUPTYPE14LINESGROUPTYPE
  404640 SORTLENGTH@F14LINESGROUPTYPE14LINESGROUPTYPE
  4046E0 SORTCASESENSITIVE@F14LINESGROUPTYPE14LINESGROUPTYPE
  404730 DEFORMATUNIXTIMESTAMP@F14STRINGDEFORMATsbOsb
  404B5C DEFORMATDATETEXT@F14STRINGDEFORMATlsbsbsbsb
  406FC4 DEFORMATDATE@F14STRINGDEFORMATsbOsb
  408D70 DEFORMATTIME@F14STRINGDEFORMATsbOsb
  409B60 DEFORMATTIMEHOURS@F14STRINGDEFORMATsbOsb
  409BE8 DEFORMATNUMBER@F14STRINGDEFORMATsbOsb
  40A144 DEFORMATHEX@F14STRINGDEFORMATsbOsb
  40A370 DEFORMATPATTERN@F14STRINGDEFORMATsbOsb
  40A540 DEFORMATSCIENTIFIC@F14STRINGDEFORMATsbOsb
  40A59C DEFORMATVALUE@F14STRINGDEFORMATsbOsb
  40A8CC DATEFROMWEEK@F14STRINGDEFORMATsbll
  40AA40 TRANSLATE@F14STRINGDEFORMATsb
  40AA74 FORMATPATTERN@F12STRINGFORMATsb13STRINGPICTUREl
  40AB7C FORMATHEX@F12STRINGFORMATsb13STRINGPICTUREl
  40AE68 FORMATUNIXTIMESTAMP@F12STRINGFORMATd13STRINGPICTUREl
  40B134 FORMATNUMBER@F12STRINGFORMATdsbl
  40B27C FORMATTIMEHOURS@F12STRINGFORMATdsbl
  40B318 FORMATTIME@F12STRINGFORMATd13STRINGPICTUREl
  40C58C FORMATTIME@F12STRINGFORMATdsbl
  40C618 WEEK@F12STRINGFORMATlRlRlRl
  40C794 FORMATDATE@F12STRINGFORMATd13STRINGPICTUREl
  40CCD4 FORMATDATE@F12STRINGFORMATdsbl
  40CD60 FORMATVALUE@F12STRINGFORMATsbOsbl
  40D290 CLARIONTOUNIXDATE@F8UNIXDATElll
  40D390 UNIXTOCLARIONTIME@F8UNIXDATEdl
  40D494 UNIXTOCLARIONDATE@F8UNIXDATEdl
  40D568 TRACE@F8UNIXDATEsb
  40D5DC _BLOCKBOUND@F13STRINGPICTUREsbsbRl
  40D638 _BLOCKBOUND@F13STRINGPICTURERsbsbRl
  40D738 _BLOCK@F13STRINGPICTUREsbsbRll
  40D794 _BLOCK@F13STRINGPICTURERsbsbRll
  40D864 TRACE@F13STRINGPICTUREsb
  40D8D8 INTERPRETHEXPICTURE@F13STRINGPICTURE
  40D96C INTERPRETUNIXTIMESTAMPPICTURE@F13STRINGPICTURE
  40DA74 INTERPRETKEYINPICTURE@F13STRINGPICTURE
  40DA8C INTERPRETPATTERNPICTURE@F13STRINGPICTURE
  40DAA4 INTERPRETNUMERICPICTURE@F13STRINGPICTURE
  40DAC0 INTERPRETSCIENTIFICPICTURE@F13STRINGPICTURE
  40DADC INTERPRETSTRINGPICTURE@F13STRINGPICTURE
  40DB34 INTERPRETTIMEHOURSPICTURE@F13STRINGPICTURE
  40DB50 INTERPRETTIMEPICTURE@F13STRINGPICTURE
  40E180 INTERPRETDATEPICTURE@F13STRINGPICTURE
  40EBF0 INTERPRETPICTURE@F13STRINGPICTUREOsb
  40EDC4 PARSEHEXPICTURE@F13STRINGPICTUREOsb
  40F010 PARSEUNIXTIMESTAMPPICTURE@F13STRINGPICTUREOsb
  40F47C PARSEKEYINPICTURE@F13STRINGPICTUREOsb
  40F5BC PARSEPATTERNPICTURE@F13STRINGPICTUREOsb
  40F6FC PARSENUMERICPICTURE@F13STRINGPICTUREOsb
  40FAFC PARSESCIENTIFICPICTURE@F13STRINGPICTUREOsb
  40FD58 PARSESTRINGPICTURE@F13STRINGPICTUREOsb
  40FE8C PARSETIMEHOURSPICTURE@F13STRINGPICTUREOsb
  40FF5C PARSETIMEPICTURE@F13STRINGPICTUREOsb
  41043C PARSEDATEPICTURE@F13STRINGPICTUREOsb
  410758 PARSEPICTURE@F13STRINGPICTUREOsb
  410AC0 CREATEHEXPICTURE@F13STRINGPICTUREl
  410B30 CREATEUNIXTIMESTAMPPICTURE@F13STRINGPICTUREl
  410BB8 CREATEKEYINPICTURE@F13STRINGPICTUREl
  410CC8 CREATEPATTERNPICTURE@F13STRINGPICTUREl
  410DD8 CREATENUMERICPICTURE@F13STRINGPICTUREl
  411098 CREATESCIENTIFICPICTURE@F13STRINGPICTUREl
  4112B4 CREATESTRINGPICTURE@F13STRINGPICTUREl
  411424 CREATETIMEHOURSPICTURE@F13STRINGPICTUREl
  411464 CREATETIMEPICTURE@F13STRINGPICTUREl
  411784 CREATEDATEPICTURE@F13STRINGPICTUREl
  411974 CREATEPICTURE@F13STRINGPICTUREOsbl
  411AEC _IANANAMETONUMBER@F12STRINGTHEORYsb
  4121AC FORMATHTML@F12STRINGTHEORY
  4126D8 ASNENCODENUMBER@F12STRINGTHEORYsbl
  412788 ASNENCODE@F12STRINGTHEORYsbOsb
  412884 ASNDECODE@F12STRINGTHEORYRl12STRINGTHEORYPsb
  412B04 CONVERTANSITOOEM@F12STRINGTHEORY
  412B4C CONVERTOEMTOANSI@F12STRINGTHEORY
  412B94 ENDSWITH@F12STRINGTHEORYsbll
  412C7C STARTSWITH@F12STRINGTHEORYsbll
  412D44 ISTIME@F12STRINGTHEORY
  412E74 ISTIME@F12STRINGTHEORYsb
  412F04 DEFORMATTIME@F12STRINGTHEORY
  412F80 DEFORMATTIME@F12STRINGTHEORYsb
  413004 FORMATTIME@F12STRINGTHEORYsb
  413084 FORMATTIME@F12STRINGTHEORYsbsb
  41311C LINEENDINGS@F12STRINGTHEORYll
  4135DC MERGEXML@F12STRINGTHEORYsbl
  413708 GUNZIP@F12STRINGTHEORY
  413A6C GZIP@F12STRINGTHEORYl
  413E10 LOADNORMALIZE@F12STRINGTHEORY
  413EFC LOADLIBS@F12STRINGTHEORY
  4140B4 PEEKRAM@F12STRINGTHEORY12STRINGTHEORYUlll
  41448C PEEKRAM@F12STRINGTHEORYUlll
  414598 PEEKRAM@F12STRINGTHEORYl
  4145AC CLEANFILENAME@F12STRINGTHEORYOsbOsb
  414718 URLDECODE@F12STRINGTHEORYOsbOsb
  414A50 URLENCODE@F12STRINGTHEORYlOsbOsbOsb
  415434 URLENCODE@F12STRINGTHEORYsblsbsbsb
  415558 _COLORFROMCSL@F12STRINGTHEORYsb
  415780 _COLORFROMHEX@F12STRINGTHEORYsb
  415970 _COLORTOHEX@F12STRINGTHEORYl
  415A54 COLORTOLONG@F12STRINGTHEORYsb
  415D84 COLORFROMHEX@F12STRINGTHEORYsb
  415DC4 COLORTOHEX@F12STRINGTHEORYsbl
  418C00 FINDCHARS@F12STRINGTHEORYsbllsb
  418C88 FINDCHARS@F12STRINGTHEORYsbllRsb
  418D08 FINDCHARS@F12STRINGTHEORYRsbllRsb
  418D78 FINDCHARS@F12STRINGTHEORYsbll
  418DEC FINDCHARS@F12STRINGTHEORYRsbll
  418E38 FINDCHARS@F12STRINGTHEORYsbl
  418EB8 FINDCHARS@F12STRINGTHEORYRsbl
  418EFC FINDCHARS@F12STRINGTHEORYsb
  418F40 FINDCHARS@F12STRINGTHEORYRsb
  418F54 FINDCHARSADDR@F12STRINGTHEORYRsbll
  418FF0 FINDENDOFSTRING@F12STRINGTHEORYlll
  4190A0 _MEMICHR@F12STRINGTHEORYlll
  419110 _MEMICHRS@F12STRINGTHEORYRsbll
  4191F4 _MEMCHRS@F12STRINGTHEORYRsbll
  4192B0 FINDCHAR@F12STRINGTHEORYsbllsb
  41934C FINDCHAR@F12STRINGTHEORYsbll
  4193D4 FINDCHAR@F12STRINGTHEORYsbl
  41946C FINDCHAR@F12STRINGTHEORYsb
  4194CC UNQUOTE@F12STRINGTHEORYOsbOsb
  4195A4 QUOTE@F12STRINGTHEORYOsbOsb
  4196E8 INSERT@F12STRINGTHEORYlRsb
  4198F0 INSERT@F12STRINGTHEORYlsb
  419928 INSERT@F12STRINGTHEORYl12STRINGTHEORY
  419950 SETSLICE@F12STRINGTHEORYllsb
  4199CC STR@F12STRINGTHEORYRsb
  419A20 STR@F12STRINGTHEORYsb
  419A90 STR@F12STRINGTHEORY
  419AC8 REVERSEBYTEORDER@F12STRINGTHEORY
  419AD4 LITTLEENDIAN@F12STRINGTHEORYUl
  419AE0 BIGENDIAN@F12STRINGTHEORYUl
  419AEC SWITCHENDIAN@F12STRINGTHEORYUl
  419B24 LITTLEENDIAN@F12STRINGTHEORY
  419B54 BIGENDIAN@F12STRINGTHEORY
  419B84 _SWITCHENDIAN@F12STRINGTHEORY
  419BD4 MATCHBRACKETS@F12STRINGTHEORYsbsbl
  419D24 KEEPCHARS@F12STRINGTHEORYsb
  419E68 KEEPCHARS@F12STRINGTHEORYsbsb
  419F10 REMOVECHARS@F12STRINGTHEORYsb
  41A040 ISALL@F12STRINGTHEORYsbOsbl
  41A130 ISASCII@F12STRINGTHEORY
  41A160 CONTAINSCHAR@F12STRINGTHEORYsbsb
  41A1DC CONTAINSCHAR@F12STRINGTHEORYsbRsb
  41A258 CONTAINSCHAR@F12STRINGTHEORYsb
  41A2C0 CONTAINSA@F12STRINGTHEORYsbOsbl
  41A3AC ISALLDIGITS@F12STRINGTHEORY
  41A3E4 CONTAINSADIGIT@F12STRINGTHEORY
  41A41C SQUEEZE@F12STRINGTHEORYlOsbl
  41A548 SETALL@F12STRINGTHEORYl
  41A590 ALL@F12STRINGTHEORYl
  41A5DC SETRIGHT@F12STRINGTHEORYllOsb
  41A658 RIGHT@F12STRINGTHEORYllOsb
  41A7FC SETLEFT@F12STRINGTHEORYllOsb
  41A878 LEFT@F12STRINGTHEORYllOsb
  41AA40 REVERSE@F12STRINGTHEORY
  41AAC8 REVERSE@F12STRINGTHEORYsb
  41AB80 TRIM@F12STRINGTHEORYOsb
  41ACDC CLIP@F12STRINGTHEORY
  41AD48 REMOVEFROMPOSITION@F12STRINGTHEORYll
  41AE00 REMOVE@F12STRINGTHEORYsbOsblll
  41B304 DECENTITYTOCHAR@F12STRINGTHEORY
  41B5FC HTMLENTITYTODEC@F12STRINGTHEORY
  41D474 REMOVEXMLPREFIXES@F12STRINGTHEORY
  41D52C REMOVEATTRIBUTES@F12STRINGTHEORYsbl
  41D720 COUNTWORDS@F12STRINGTHEORYllOsbl
  41D7DC WORDEND@F12STRINGTHEORYllOsbl
  41DBDC WORDSTART@F12STRINGTHEORYlllOsb
  41DE2C GETWORD@F12STRINGTHEORYlllOsbl
  41DE98 FINDWORD@F12STRINGTHEORYlllRlRlOsbl
  41E0B4 GETBYTES@F12STRINGTHEORYRusbl
  41E4F8 SETBYTES@F12STRINGTHEORYRusbl
  41EA28 GETBYTES@F12STRINGTHEORYRspl
  41EA48 GETBYTES@F12STRINGTHEORYRsbl
  41EA68 GETBYTES@F12STRINGTHEORYRscl
  41EA88 GETBYTES@F12STRINGTHEORYRel
  41EAAC GETBYTES@F12STRINGTHEORYRdl
  41EAC8 GETBYTES@F12STRINGTHEORYRfl
  41EAE4 GETBYTES@F12STRINGTHEORYRUll
  41EB00 GETBYTES@F12STRINGTHEORYRll
  41EB14 GETBYTES@F12STRINGTHEORYRUsl
  41EB30 GETBYTES@F12STRINGTHEORYRsl
  41EB4C GETBYTES@F12STRINGTHEORYRUcl
  41EB68 SETBYTES@F12STRINGTHEORYRsp
  41EB8C SETBYTES@F12STRINGTHEORYRsb
  41EB9C SETBYTES@F12STRINGTHEORYRsc
  41EBBC SETBYTES@F12STRINGTHEORYRe
  41EC00 SETBYTES@F12STRINGTHEORYRd
  41EC14 SETBYTES@F12STRINGTHEORYRf
  41EC28 SETBYTES@F12STRINGTHEORYRUl
  41EC3C SETBYTES@F12STRINGTHEORYRl
  41EC50 SETBYTES@F12STRINGTHEORYRUs
  41EC64 SETBYTES@F12STRINGTHEORYRs
  41EC78 SETBYTES@F12STRINGTHEORYRUc
  41EC8C FROMBYTES@F12STRINGTHEORYRsbRspl
  41ECB0 FROMBYTES@F12STRINGTHEORYRsbRsbl
  41ECD4 FROMBYTES@F12STRINGTHEORYRsbRscl
  41ECF8 FROMBYTES@F12STRINGTHEORYRsbRel
  41ED44 FROMBYTES@F12STRINGTHEORYRsbRdl
  41ED7C FROMBYTES@F12STRINGTHEORYRsbRfl
  41EDB4 FROMBYTES@F12STRINGTHEORYRsbRUll
  41EDEC FROMBYTES@F12STRINGTHEORYRsbRll
  41EE24 FROMBYTES@F12STRINGTHEORYRsbRUsl
  41EE5C FROMBYTES@F12STRINGTHEORYRsbRsl
  41EE94 FROMBYTES@F12STRINGTHEORYRsbRUcl
  41EECC TOBYTES@F12STRINGTHEORYRsbRsbl
  41EEF0 TOBYTES@F12STRINGTHEORYRspRsbl
  41EF1C TOBYTES@F12STRINGTHEORYRscRsbl
  41EF40 TOBYTES@F12STRINGTHEORYReRsbl
  41EF60 TOBYTES@F12STRINGTHEORYRdRsbl
  41EF98 TOBYTES@F12STRINGTHEORYRfRsbl
  41EFD0 TOBYTES@F12STRINGTHEORYRUlRsbl
  41F008 TOBYTES@F12STRINGTHEORYRlRsbl
  41F040 TOBYTES@F12STRINGTHEORYRUsRsbl
  41F074 TOBYTES@F12STRINGTHEORYRsRsbl
  41F0A8 TOBYTES@F12STRINGTHEORYRUcRsbl
  41F0D8 STRCPY@F12STRINGTHEORYRsbRsbl
  41F184 WRAPTEXT@F12STRINGTHEORYlll
  41F79C FROMHEX@F12STRINGTHEORY
  41F884 TOHEX@F12STRINGTHEORYll
  41F9A0 HEXTOSTRING@F12STRINGTHEORYsb
  41FBF0 STRINGTOHEX@F12STRINGTHEORYsbll
  41FC34 STRINGTOHEX@F12STRINGTHEORYRsbll
  41FD44 LONGTOHEX@F12STRINGTHEORYl
  41FDF4 HEXTOBYTE@F12STRINGTHEORYsb
  41FE48 BYTETOHEX@F12STRINGTHEORYUc
  41FEA8 BASETODEC@F12STRINGTHEORYsbl
  41FFBC DECTOBASE@F12STRINGTHEORYlll
  420108 NORMALIZE@F12STRINGTHEORYll
  420330 UTF16TOUTF8CHAR@F12STRINGTHEORYsbRl
  420590 DECODEHEXINLINE@F12STRINGTHEORYsbll
  420768 DECODEHEXINLINE@F12STRINGTHEORYl
  4207DC TOUNICODE@F12STRINGTHEORYll
  42098C TOANSI@F12STRINGTHEORYlll
  420B70 TOANSI@F12STRINGTHEORYll
  420D84 APIANSITOUTF8@F12STRINGTHEORYRsbRl
  420DB8 APIUTF8TOANSI@F12STRINGTHEORYRsbRl
  420DEC ANSITOUTF8@F12STRINGTHEORYRsbRll
  420EFC UTF8TOANSI@F12STRINGTHEORYRsbRll
  420FF8 UTF16TO8@F12STRINGTHEORYRsbRll
  421174 UTF8TO16@F12STRINGTHEORYRsbRl
  4212AC UTF16TOANSI@F12STRINGTHEORYRsbRllUl
  421424 ANSITOUTF16@F12STRINGTHEORYRsbRlUl
  42156C LONGDIVISION@F12STRINGTHEORYlRll
  4216DC CHANGEBASE@F12STRINGTHEORYll
  4217C8 FROMBLOB@F12STRINGTHEORYBb
  4218C4 TOBLOB@F12STRINGTHEORYBb
  4219DC SETAFTER@F12STRINGTHEORYsbllll
  421B40 AFTER@F12STRINGTHEORYsblll
  421C84 FINDBETWEENPOSITION@F12STRINGTHEORYsbsbRlRlll
  421F0C SETBETWEEN@F12STRINGTHEORYsbsblllll
  421FF8 FINDBETWEEN@F12STRINGTHEORYsbsbRlRlll
  4220A4 BETWEEN@F12STRINGTHEORYsbsbllll
  422128 SETBEFORE@F12STRINGTHEORYsbllll
  422284 BEFORE@F12STRINGTHEORYsblll
  4223AC ADDBOM@F12STRINGTHEORYl
  422498 SETENCODINGFROMBOM@F12STRINGTHEORYl
  422594 SAVEFILEA@F12STRINGTHEORYsbsbl
  4225F8 SAVEFILE@F12STRINGTHEORYRsbsbll
  422868 SAVEFILE@F12STRINGTHEORYsbl
  4228E4 LOADFILE@F12STRINGTHEORYsblll
  422D30 URLPARAMETER@F12STRINGTHEORYsbOsb
  42300C URLPARAMETERSONLY@F12STRINGTHEORYOsb
  423178 URLFILEONLY@F12STRINGTHEORYOsb
  423394 URLPATHONLY@F12STRINGTHEORYOsbl
  423580 URLPORTONLY@F12STRINGTHEORYOsb
  42375C URLHOSTONLY@F12STRINGTHEORYOsbl
  423968 URLPROTOCOLONLY@F12STRINGTHEORYOsb
  423A98 PATHONLY@F12STRINGTHEORYOsb
  423BB8 FILENAMEONLY@F12STRINGTHEORYOsbl
  423E48 LOWER@F12STRINGTHEORYOsbOsb
  423FE8 UPPER@F12STRINGTHEORYOsbOsb
  424188 TRACE@F12STRINGTHEORYOsb
  4242AC TRACE@F12STRINGTHEORYBq
  4243AC TOCSTRING@F12STRINGTHEORY
  42445C GETCODEPAGEFROMCHARSET@F12STRINGTHEORYOl
  42451C SUB@F12STRINGTHEORYll
  4245B0 FILTER@F12STRINGTHEORYsbsbll
  4248EC SORT@F12STRINGTHEORYl
  42492C SORT@F12STRINGTHEORYlsbOsbOsbll
  424A34 SPLITBETWEEN@F12STRINGTHEORYsbsbll
  424B80 SPLITBYMATCH@F12STRINGTHEORYsbl
  424CA8 SPLITEVERY@F12STRINGTHEORYl
  424D34 SPLIT@F12STRINGTHEORYsbOsbOsblllOsbl
  424E48 SLICE@F12STRINGTHEORYll
  424EBC SETLENGTH@F12STRINGTHEORYll
  425014 REMOVEHTML@F12STRINGTHEORY
  425170 REPLACESINGLECHARS@F12STRINGTHEORYsbsbl
  425244 REPLACESINGLECHARS@F12STRINGTHEORYsbsb
  425328 REPLACEEXCEPTBETWEEN@F12STRINGTHEORYsbOsbsbsbllll
  4256E0 REPLACEBETWEEN@F12STRINGTHEORYsbOsbsbsblllll
  425AE4 REPLACE@F12STRINGTHEORYsbsbllll
  425E18 REPLACE@F12STRINGTHEORYsbsblllll
  425FDC RECORDS@F12STRINGTHEORY
  425FF4 MAKEGUID@F12STRINGTHEORYll
  426024 RANDOM@F12STRINGTHEORYllOsb
  4265A4 SEEDRANDOM@F12STRINGTHEORY
  42667C PREPEND@F12STRINGTHEORY12STRINGTHEORY
  4266A4 PREPEND@F12STRINGTHEORY12STRINGTHEORYsb
  426700 PREPEND@F12STRINGTHEORYRsb
  4267FC PREPEND@F12STRINGTHEORYsb
  426834 PREPEND@F12STRINGTHEORYsblsb
  426AA4 PREPEND@F12STRINGTHEORYsbl
  426B3C MD5@F12STRINGTHEORYlPsbl
  426C0C _MALLOC@F12STRINGTHEORYlll
  426D74 CHARS@F12STRINGTHEORYlOsb
  426EA4 LEN@F12STRINGTHEORY
  426EA8 LENGTHA@F12STRINGTHEORY
  426EAC LENGTH@F12STRINGTHEORY
  426EB0 JOIN@F12STRINGTHEORYsbOsbOsbl
  4272F4 SERIALIZEGROUP@F12STRINGTHEORYRg12STRINGTHEORYOsbOsbll
  427780 SERIALIZEQUEUE@F12STRINGTHEORYBqOsb12STRINGTHEORYOsbOsbll
  4278F0 SERIALIZEGROUP@F12STRINGTHEORYRgOsbOsbOsbll
  427A70 SERIALIZEQUEUE@F12STRINGTHEORYBqOsbOsbOsbOsbll
  427C04 REMOVELINES@F12STRINGTHEORYOsb
  427D00 DELETELINE@F12STRINGTHEORYl
  427D6C ADDLINE@F12STRINGTHEORYRsb
  427D80 ADDLINE@F12STRINGTHEORYsb
  427DB8 ADDLINE@F12STRINGTHEORYlRsb
  427E90 ADDLINE@F12STRINGTHEORYlsb
  427EC8 SETLINE@F12STRINGTHEORYlRsb
  427FE8 SETLINE@F12STRINGTHEORYlsb
  428020 INLINE@F12STRINGTHEORYsblllllll
  42844C GETBUFFERLENGTH@F12STRINGTHEORY
  428450 GETLINE@F12STRINGTHEORYl
  428500 GETVAL@F12STRINGTHEORY
  428514 GETVALUE@F12STRINGTHEORYl
  428568 GETVALUE@F12STRINGTHEORY
  4285A0 FORMATMESSAGE@F12STRINGTHEORYl
  4285EC EXTENSIONONLY@F12STRINGTHEORYOsb
  428720 ERRORTRAP@F12STRINGTHEORYsbsbUc
  428898 CAPITALIZE@F12STRINGTHEORYlllOsb
  428A5C COUNT@F12STRINGTHEORYsbllllll
  428D90 FINDMATCHPOSITION@F12STRINGTHEORYsbRlRlll
  428F24 FINDMATCH@F12STRINGTHEORYsbRlRlll
  428FB0 MATCH@F12STRINGTHEORYsbllll
  4290A0 INSTRING@F12STRINGTHEORYsblllll
  4295E0 INSTRING@F12STRINGTHEORYsbllll
  429684 INSTRING@F12STRINGTHEORYRsblll
  4296EC INSTRING@F12STRINGTHEORYsblll
  429784 INSTRING@F12STRINGTHEORYRsbll
  42981C INSTRING@F12STRINGTHEORYsbll
  429900 INSTRING@F12STRINGTHEORYRsbl
  42995C INSTRING@F12STRINGTHEORYsbl
  4299F4 INSTRING@F12STRINGTHEORYRsb
  429A28 INSTRING@F12STRINGTHEORYsb
  429A90 CROP@F12STRINGTHEORYUlUl
  429C70 CLIPLENGTH@F12STRINGTHEORY
  429CB0 CLIPLEN@F12STRINGTHEORY
  429CBC FREELINES@F12STRINGTHEORY
  429D0C FREE@F12STRINGTHEORYll
  429DB4 ZEROXDECODE@F12STRINGTHEORY
  429EE8 ZEROXENCODE@F12STRINGTHEORY
  42A040 XMLDECODE@F12STRINGTHEORY
  42A188 XMLENCODE@F12STRINGTHEORYl
  42A2D0 JSONDECODE@F12STRINGTHEORY
  42A7C0 JSONENCODE@F12STRINGTHEORYl
  42ABE4 ENCODEDWORDENCODE@F12STRINGTHEORYOsbl
  42ADD4 ENCODEDWORDDECODE@F12STRINGTHEORY
  42B3F0 QUOTEDPRINTABLEDECODE@F12STRINGTHEORY
  42B470 QUOTEDPRINTABLEENCODE@F12STRINGTHEORY
  42B654 BASE64DECODE@F12STRINGTHEORYRsbRl
  42B880 BASE64DECODE@F12STRINGTHEORY
  42B8D8 BASE64ENCODE@F12STRINGTHEORYRsbRl
  42BD58 BASE64ENCODE@F12STRINGTHEORYl
  42BFC0 GETADDRESS@F12STRINGTHEORY
  42BFC4 GETVALUEPTR@F12STRINGTHEORY
  42C004 ABBREVIATE@F12STRINGTHEORYlll
  42C12C ASSIGN@F12STRINGTHEORYsb
  42C160 ASSIGN@F12STRINGTHEORYRsb
  42C170 _STEALVALUE@F12STRINGTHEORY12STRINGTHEORY
  42C214 _SETVALUEPOINTER@F12STRINGTHEORYllll
  42C37C _GETNEXTBUFFERSIZE@F12STRINGTHEORYl
  42C420 EQUALS@F12STRINGTHEORYsbl
  42C4F0 EQUALS@F12STRINGTHEORY12STRINGTHEORYl
  42C5C4 _EQUALSUNICODE@F12STRINGTHEORY12STRINGTHEORYl
  42C734 _EQUALSUNICODE@F12STRINGTHEORYRsbl
  42C7EC SETVALUEBYADDRESS@F12STRINGTHEORYll
  42C960 SETVALUE@F12STRINGTHEORYRsbl
  42CB10 SETVALUE@F12STRINGTHEORYsbl
  42CB40 SETVALUE@F12STRINGTHEORY12STRINGTHEORY
  42CC40 CATADDR@F12STRINGTHEORYll
  42CDCC CAT@F12STRINGTHEORYRsbl
  42CEB0 CAT@F12STRINGTHEORYRsb
  42CF98 CAT@F12STRINGTHEORYsbl
  42D060 CAT@F12STRINGTHEORYsb
  42D124 CAT@F12STRINGTHEORY12STRINGTHEORYl
  42D200 CAT@F12STRINGTHEORY12STRINGTHEORY
  42D2D4 APPEND@F12STRINGTHEORY12STRINGTHEORY
  42D3A8 APPEND@F12STRINGTHEORY12STRINGTHEORYsb
  42D3EC APPEND@F12STRINGTHEORY12STRINGTHEORYlsb
  42D4D8 APPEND@F12STRINGTHEORYRsblsb
  42D6E0 APPEND@F12STRINGTHEORYsblsb
  42D770 APPEND@F12STRINGTHEORYRsbl
  42D7F0 APPEND@F12STRINGTHEORYsbl
  42D848 APPEND@F12STRINGTHEORYRsb
  42D930 APPEND@F12STRINGTHEORYsb
  42D9F4 APPENDBINARY@F12STRINGTHEORYll
  42DA1C APPENDA@F12STRINGTHEORYsblOsb
  42DABC FLUSH@F12STRINGTHEORY12STRINGTHEORY
  42DAEC FLUSH@F12STRINGTHEORYRsb
  42DB84 FLUSH@F12STRINGTHEORYsb
  42DBBC FLUSH@F12STRINGTHEORY
  42DC80 FLUSHANDKEEP@F12STRINGTHEORY
  42DD10 NOSTREAM@F12STRINGTHEORY
  42DD28 STREAM@F12STRINGTHEORYsbll
  42DFC4 START@F12STRINGTHEORYl
  42E08C CONSTRUCT@F12STRINGTHEORY
  42E0C0 DESTRUCT@F12STRINGTHEORY
  430814 _main
  430934 VME_INTERNAL_GETFOLDERPATH@FlOUc
  430A70 VMe_Internal_LoadDLLProc
  430C1C VME_GETFOLDERPATH@FlOUc
  432B3C EXTRACTCDATA@F8XFILEXMLll
  432BEC SETREQUIRED@F8XFILEXMLsbll
  432C84 SETASATTRIBUTE@F8XFILEXMLsbOsbll
  432E64 SETASATTRIBUTEA@F8XFILEXMLsbll
  432F48 ADDOLDFIELD@F8XFILEXMLsbl
  432FE0 LOADALLOLDFIELDS@F8XFILEXML
  433020 PARSEATTR@F8XFILEXMLsb
  43335C PARSEATTR@F8XFILEXMLll
  43338C ISGROUP@F8XFILEXMLRsb
  433500 SETFIELDPOINTER@F8XFILEXMLsb
  433B30 DECODEAMPERSAND@F8XFILEXMLsbRsb
  433D18 DECODE@F8XFILEXMLsb
  433D84 ASSIGNFIELD@F8XFILEXMLsb
  433E50 ASSIGNFIELD@F8XFILEXMLll
  434B04 SAVETWEAKFIELDSETTINGS@F8XFILEXML
  434B08 GETFIELDNUMBER@F8XFILEXMLsbll
  434BF8 VALIDATEUPDATERECORD@F8XFILEXML
  434C00 VALIDATERECORD@F8XFILEXML
  434C08 LOADBINDATA@F8XFILEXMLOsb
  434C58 SAVEBINDATA@F8XFILEXMLOsb
  434CA8 UPDATEFILERECORD@F8XFILEXML
  434CB8 ADDQUEUERECORD@F8XFILEXMLl
  434CE0 INSERTFILERECORD@F8XFILEXML
  434CF0 FREEGROUPDATA@F8XFILEXML
  434D18 FREEQUEUEDATA@F8XFILEXML
  434D30 FREEFILEDATA@F8XFILEXML
  434D64 REMOVEPREFIXINSTRING@F8XFILEXMLRsb
  434ED4 LOADTWEAKSETTINGS@F8XFILEXML
  434ED8 SAVETWEAKSETTINGS@F8XFILEXML
  434EDC SETVIEW@F8XFILEXML
  434EF0 SETFILE@F8XFILEXML
  434EFC CREATEHEADER@F8XFILEXML
  43587C CREATEFOOTER@F8XFILEXML
  435CAC INIT@F8XFILEXMLBisb
  435D50 INIT@F8XFILEXMLBfsb
  435E3C _RESIZE@F8XFILEXMLl
  435EBC _ISBOUNDARY@F8XFILEXMLlRsp
  436118 _REMOVEPREFIX@F8XFILEXMLRsp
  436254 _REMOVEPREFIX@F8XFILEXMLRsb
  436330 _REMOVEPIPED@F8XFILEXMLRsp
  43637C _REMOVEPIPED@F8XFILEXMLRsb
  436410 REMOVECOMMENTS@F8XFILEXML
  436548 SAVEBINBUTDONTCLOSE@F8XFILEXML
  436578 _REPLACECOLONSINSTRING@F8XFILEXMLRsb
  436600 _SETINDENTSIZE@F8XFILEXMLUc
  436604 _CHECK@F8XFILEXML
  4367E4 _COUNTFIELDS@F8XFILEXML
  436AC4 _COUNTFIELDSINGROUP@F8XFILEXMLRg
  436C98 _ADDATTRIBUTE@F8XFILEXMLlRsbRlll
  4371BC _WRITEATTRIBUTE@F8XFILEXMLl
  437274 _WRITEENDTAG@F8XFILEXMLlll
  437714 _WRITESTARTTAG@F8XFILEXMLllll
  437E10 _WRITECURRENTFIELD@F8XFILEXMLl
  43886C CHECKSIZE@F8XFILEXMLl
  43888C EXTRACTVALUE@F8XFILEXMLsbsb
  4389D0 SETGROUPLENGTHS@F8XFILEXML
  438A5C EXTRACTNAMES@F8XFILEXML
  439E48 ENDRECORD@F8XFILEXMLl
  439F48 STARTRECORD@F8XFILEXMLll
  43A2D4 DECGROUP@F8XFILEXMLll
  43A520 DECGROUPS@F8XFILEXMLl
  43A56C FORMATCURRENTFIELD@F8XFILEXMLsb
  43A5EC SAVECURRENTFIELDTOXML@F8XFILEXMLllsb
  43A700 SAVECURRENTFIELDTOXML@F8XFILEXMLll
  43A9BC MAKEATTRIBUTESFORRECORD@F8XFILEXMLl
  43AC5C REMOVEDUPLICATESAFTERSORT@F8XFILEXMLl
  43AF18 RECORDCOUNT@F8XFILEXML
  43AF5C FASTDELETE@F8XFILEXMLll
  43B178 ADDRECORD@F8XFILEXMLOuOuOuOuOuOuOuOuOuOuOuOuOuOuOuOuOuOuOuOu
  43B52C SETVALUE@F8XFILEXMLsbsbl
  43B750 GETVALUE@F8XFILEXMLsbl
  43B978 _COPY@F8XFILEXMLRgUc
  43BA10 _COPY@F8XFILEXMLBqUc
  43C40C COPY@F8XFILEXMLRgRgUc
  43C468 COPY@F8XFILEXMLBfBqUc
  43C4B8 COPY@F8XFILEXMLBqBqUc
  43C504 DISABLEFIELD@F8XFILEXMLBisbl
  43C6D4 DISABLEFIELD@F8XFILEXMLBqsbl
  43C748 DISABLEFIELD@F8XFILEXMLBfsbl
  43C7EC DISABLEFIELD@F8XFILEXMLRgsbl
  43C898 GETFIELDNUMBER@F8XFILEXMLRgsbl
  43C9F0 GETFIELDNAME@F8XFILEXMLBfl
  43CA94 GETFIELDNAME@F8XFILEXMLBql
  43CAAC GETFIELDNAME@F8XFILEXMLRgl
  43CAD0 ADDTEXT@F8XFILEXMLsb
  43CB5C ADDATLISTEND@F8XFILEXML
  43CB60 ADDATRECORDEND@F8XFILEXML
  43CB64 ADDATRECORDSTART@F8XFILEXML
  43CB68 ADDATLISTSTART@F8XFILEXML
  43CB6C SAVEONEFIELD@F8XFILEXMLll
  43D758 SAVE@F8XFILEXMLRg8XFILEXMLsbsb
  43D88C SAVE@F8XFILEXMLBf8XFILEXMLsbsb
  43D9C4 SAVE@F8XFILEXMLBi8XFILEXMLsbsb
  43DAE8 SAVE@F8XFILEXMLBq8XFILEXMLsbsb
  43DC1C SAVE@F8XFILEXMLBfsbsbBk
  43DD1C SAVE@F8XFILEXMLBfBk
  43DE74 SAVE@F8XFILEXMLBfsbsbsbBk
  43DF88 SAVE@F8XFILEXMLBfsbBk
  43E118 SAVE@F8XFILEXMLBisbsb
  43E1FC SAVE@F8XFILEXMLBi
  43E310 SAVE@F8XFILEXMLBisbsbsb
  43E404 SAVE@F8XFILEXMLBisb
  43E540 SAVE@F8XFILEXMLBqsbsb
  43E650 SAVE@F8XFILEXMLBqsbsbsb
  43E770 SAVE@F8XFILEXMLBq
  43E8B4 SAVE@F8XFILEXMLBqsb
  43EA1C SAVE@F8XFILEXMLRgsbsb
  43EB3C SAVE@F8XFILEXMLRgsbsbsb
  43EC40 SAVE@F8XFILEXMLRg
  43ED68 SAVE@F8XFILEXMLRgsb
  43EEC0 SAVE@F8XFILEXML
  4405E4 LOAD@F8XFILEXML8XFILEXMLBfRsbsbsb
  4407F4 LOAD@F8XFILEXML8XFILEXMLBqRsbsbsb
  440A04 LOAD@F8XFILEXML8XFILEXMLRgRsbsbsb
  440C1C LOAD@F8XFILEXMLBfRsblsbsb
  440D4C LOAD@F8XFILEXMLBfRsbl
  440E78 LOAD@F8XFILEXMLBfsbsbsb
  440FBC LOAD@F8XFILEXMLBfsb
  4410F8 LOAD@F8XFILEXMLBqRsblsbsb
  441228 LOAD@F8XFILEXMLBqRsbl
  441350 LOAD@F8XFILEXMLBqsbsbsb
  441444 LOAD@F8XFILEXMLBqsb
  44157C LOAD@F8XFILEXMLRgRsblsbsb
  441728 LOAD@F8XFILEXMLRgRsbl
  441858 LOAD@F8XFILEXMLRgsbsbsb
  44195C LOAD@F8XFILEXMLRgsb
  441AB0 LOAD@F8XFILEXML
  444264 CALCPROGRESS@F8XFILEXMLl
  4443B8 CALCPROGRESS@F8XFILEXML
  444450 START@F8XFILEXML
  4446E8 INIT@F8XFILEXMLBqsbBq
  444734 INIT@F8XFILEXMLBqsb
  4447D8 INIT@F8XFILEXMLRgsb
  444888 DESTRUCT@F8XFILEXML
  4448C8 CONSTRUCTOR@F8XFILEXML
  4448CC CONSTRUCT@F8XFILEXML
  444984 _ZIPBINDATACRC@F11XFILEBINARY
  444A28 _UNZIPTOBINDATA@F11XFILEBINARY
  445198 _ZIPBINDATATOZIP@F11XFILEBINARYlOsb
  445598 _ZIPINIT@F11XFILEBINARY
  445AF8 _CLOSE@F11XFILEBINARY
  44619C _FREE@F11XFILEBINARY
  4461CC CLEANFILENAME@F11XFILEBINARYsbl
  4462E8 SEARCHANDREPLACE@F11XFILEBINARYsbsb
  4467D0 SAVE@F11XFILEBINARYsb
  446820 SAVE@F11XFILEBINARY
  446FB0 LOAD@F11XFILEBINARYsb
  447000 LOAD@F11XFILEBINARY
  4477AC INIT@F11XFILEBINARYsb
  447AE8 DESTRUCT@F11XFILEBINARY
  447B3C CONSTRUCT@F11XFILEBINARY
  447B88 INIT@F12XFILELINKDLL
  447B8C CONSTRUCT@F12XFILELINKDLL
  447BE0 LINKDLLFUNCTION@F12XFILELINKDLLsbsbRl
  448064 TRACE@F9XFILEBASEsb
  448114 ERRORTRAP@F9XFILEBASEsb
  44814C START@F9XFILEBASE
  4481A0 LOG@F9XFILEBASEsbsbl
  448268 DESTRUCT@F9XFILEBASE
  44826C CONSTRUCT@F9XFILEBASE
  449000 $OXML
  540824 TYPE$STRINGDEFORMAT
  540834 TYPE$STRINGTHEORY
  540974 TYPE$STRINGFORMAT
  540984 TYPE$STRINGPICTURE
  540AA0 VMT$STRINGPICTURE
  540B44 VMT$STRINGFORMAT
  540B8C VMT$STRINGTHEORY
  5410E4 VMT$STRINGDEFORMAT
  541740 TYPE$QCONFIG
  54185C TCB$QCONFIG
  54186C TYPE$GCONFIG
  543344 TYPE$XFILELINKDLL
  5433B4 VMT$XFILELINKDLL
  543404 TYPE$XFILEXML
  544030 VMT$XFILEXML
  5442E4 VMTP$STRINGTHEORY
  5442EC VMTP$STRINGFORMAT
  5442F4 VMTP$STRINGPICTURE
  5442FC VMTP$STRINGDEFORMAT
  544304 VMTP$XFILELINKDLL
  54430C VMTP$XFILEXML
  544320 stNormalizeString
  544324 $HNORMALIZ
  544328 stInflateEnd
  54432C stInflate
  544330 stInflateInit2_
  544334 stDeflateEnd
  544338 stDeflate
  54433C stDeflateInit2_
  544340 $HZLIB
  544344 $SEEDED
  544348 $STRBINARYTYPE
  544354 $STRBINARYNAME
  5443B8 $STRPUBLICDOCUMENTS
  5445B8 $STRAPPFOLDER
  5447B8 $STRREV
  5447C0 $GCONFIG
  544A94 $QCONFIG
  544B30 $STRFILEVERSION
  544B44 $STRFILEVERSIONDOTS
  544B58 $STRPRODUCTVERSION
  544B6C $STRPRODUCTVERSIONDOTS
  544B80 $STRDLLOREXE
  544B8C $STRPROJECTNAME
  544BAC $STRBINARYFULLNAME
  544BCC $STRVERSIONTEXT
  544C00 $STRVERSIONTEXTSHORT
  544C0C $STRPRODUCTNAME
  544C40 $OST
  544C84 $INTCURRENTYEAR
  544C88 VMe_SHGetFolderPath
  544C8C $INTBUILDNUMBER
  544C90 XF_OS_rl_unzGetGlobalInfo
  544C94 XF_OS_rl_unzClose
  544C98 XF_OS_rl_unzCloseCurrentFile
  544C9C XF_OS_rl_unzReadCurrentFile
  544CA0 XF_OS_rl_unzGetCurrentFileInfo
  544CA4 XF_OS_rl_unzOpenCurrentFilePassword
  544CA8 XF_OS_rl_unzOpen
  544CAC XF_OS_rl_zipClose
  544CB0 XF_OS_rl_zipCloseFileInZip
  544CB4 XF_OS_rl_zipCloseFileInZipRaw
  544CB8 XF_OS_rl_zipWriteInFileInZip
  544CBC XF_OS_rl_adler32
  544CC0 XF_OS_rl_crc32
  544CC4 XF_OS_rl_zipOpenNewFileInZip3
  544CC8 XF_OS_rl_zipOpenNewFileInZip
  544CCC XF_OS_rl_zipOpen
  544CD0 XF_OS_rl_zlibVersion
  546000 __import_section_start
  5476B8 __import_section_end

Imports
ClaRUN.dll:Cla$ADDqueue 546334
ClaRUN.dll:Cla$ADDqueueptr 546338
ClaRUN.dll:Cla$AssignLong2RefUfo 54633C
ClaRUN.dll:Cla$AssignReal2RefUfo 546340
ClaRUN.dll:Cla$AssignRefUfo 546344
ClaRUN.dll:Cla$BindG 546348
ClaRUN.dll:Cla$BLOB_GET_PROPERTY 54634C
ClaRUN.dll:Cla$BLOB_SET_PROPERTY 546350
ClaRUN.dll:Cla$BLOB_TAKE 546354
ClaRUN.dll:Cla$BLOB_YIELD 546358
ClaRUN.dll:Cla$CLEAR 54635C
ClaRUN.dll:Cla$CLEARqueue 546360
ClaRUN.dll:Cla$clearstr 546364
ClaRUN.dll:Cla$ClearType 546368
ClaRUN.dll:Cla$CLOCK 54636C,401000
ClaRUN.dll:Cla$CloneUfo 546370
ClaRUN.dll:Cla$code 546374
ClaRUN.dll:Cla$COMMAND 546378,401008
ClaRUN.dll:Cla$COMMIT 54637C,401010
ClaRUN.dll:Cla$comparestr 546380
ClaRUN.dll:Cla$CONVERTANSITOOEM 546384,401018
ClaRUN.dll:Cla$CONVERTOEMTOANSI 546388,401020
ClaRUN.dll:Cla$DATE 54638C,401028
ClaRUN.dll:Cla$DAY 546390,401030
ClaRUN.dll:Cla$DecAdd 546394
ClaRUN.dll:Cla$DecDistinct 546398
ClaRUN.dll:Cla$DecDistinctR 54639C
ClaRUN.dll:Cla$DecDivide 5463A0
ClaRUN.dll:Cla$DecMul 5463A4
ClaRUN.dll:Cla$DecSub 5463A8
ClaRUN.dll:Cla$DecSubR 5463AC
ClaRUN.dll:Cla$DeepAssign 5463B0
ClaRUN.dll:Cla$DELETEqueue 5463B4,401038
ClaRUN.dll:Cla$DInt 5463B8
ClaRUN.dll:Cla$DISPLAY 5463BC,401040
ClaRUN.dll:Cla$DISPOSEqueue 5463C0
ClaRUN.dll:Cla$DISPOSEref 5463C4
ClaRUN.dll:Cla$DPopDec 5463C8
ClaRUN.dll:Cla$DPopLong 5463CC
ClaRUN.dll:Cla$DPopReal 5463D0
ClaRUN.dll:Cla$DPopUlong 5463D4
ClaRUN.dll:Cla$DPushConstant 5463D8
ClaRUN.dll:Cla$DPushLong 5463DC
ClaRUN.dll:Cla$DPushULong 5463E0
ClaRUN.dll:Cla$duplicate 5463E4
ClaRUN.dll:Cla$EndEventLoops 5463E8
ClaRUN.dll:Cla$ERRORCODE 5463EC,401048
ClaRUN.dll:Cla$FILEERRORCODE 5463F0,401050
ClaRUN.dll:Cla$FILEERRORMSG 5463F4,401058
ClaRUN.dll:Cla$FileExists 5463F8,401060
ClaRUN.dll:Cla$FILE_ADDf 5463FC
ClaRUN.dll:Cla$FILE_CLEAR 546400
ClaRUN.dll:Cla$FILE_CLOSE 546404,401068
ClaRUN.dll:Cla$FILE_DELETE 546408,401070
ClaRUN.dll:Cla$FILE_GETfk 54640C
ClaRUN.dll:Cla$FILE_GET_PROPERTY 546410
ClaRUN.dll:Cla$FILE_NAME 546414,401078
ClaRUN.dll:Cla$FILE_NEXT 546418,401080
ClaRUN.dll:Cla$FILE_NOMEMO 54641C,401088
ClaRUN.dll:Cla$FILE_OPEN 546420,401090
ClaRUN.dll:Cla$FILE_PUTf 546424
ClaRUN.dll:Cla$FILE_RECORDSf 546428,401098
ClaRUN.dll:Cla$FILE_SETf 54642C,4010A0
ClaRUN.dll:Cla$FILE_SETk 546430,4010A8
ClaRUN.dll:Cla$FILE_SET_PROPERTY 546434
ClaRUN.dll:Cla$FREEqueue 546438
ClaRUN.dll:Cla$FREEqueuea 54643C,4010B0
ClaRUN.dll:Cla$freestr 546440
ClaRUN.dll:Cla$FreeUfo 546444
ClaRUN.dll:Cla$GETGROUP 546448,4010B8
ClaRUN.dll:Cla$GETGROUPqueue 54644C,4010C0
ClaRUN.dll:Cla$GetPropS 546450
ClaRUN.dll:Cla$GETqueuekey 546454,4010C8
ClaRUN.dll:Cla$GETqueueptr 546458
ClaRUN.dll:Cla$Group2Ufo 54645C
ClaRUN.dll:Cla$HOWMANY 546460,4010D0
ClaRUN.dll:Cla$HOWMANYqueue 546464,4010D8
ClaRUN.dll:Cla$init 546468
ClaRUN.dll:Cla$INT 54646C
ClaRUN.dll:Cla$IsAlpha 546470,4010E0
ClaRUN.dll:Cla$isftolower 546474,4010E8
ClaRUN.dll:Cla$isftoupper 546478,4010F0
ClaRUN.dll:Cla$ISGROUP 54647C,4010F8
ClaRUN.dll:Cla$ISGROUPqueue 546480,401100
ClaRUN.dll:Cla$IsUfoString 546484,401108
ClaRUN.dll:Cla$KEY_GET_PROPERTY 546488
ClaRUN.dll:Cla$LOGOUT 54648C,401110
ClaRUN.dll:Cla$LONGPATH 546490,401118
ClaRUN.dll:Cla$longtostr 546494
ClaRUN.dll:Cla$Mem2Ufo 546498
ClaRUN.dll:Cla$MessageBox 54649C,401120
ClaRUN.dll:Cla$modulus 5464A0
ClaRUN.dll:Cla$MONTH 5464A4,401128
ClaRUN.dll:Cla$MOUSEX 5464A8,401130
ClaRUN.dll:Cla$MOUSEY 5464AC,401138
ClaRUN.dll:Cla$NewMemB 5464B0
ClaRUN.dll:Cla$NewMemT 5464B4
ClaRUN.dll:Cla$NewMemZ 5464B8
ClaRUN.dll:Cla$NEWqueue 5464BC
ClaRUN.dll:Cla$Omitted 5464C0,401140
ClaRUN.dll:Cla$PEEK 5464C4
ClaRUN.dll:Cla$POINTERqueue 5464C8,401148
ClaRUN.dll:Cla$PopBind 5464CC,401150
ClaRUN.dll:Cla$PopCString 5464D0
ClaRUN.dll:Cla$PopPString 5464D4
ClaRUN.dll:Cla$PopReal 5464D8
ClaRUN.dll:Cla$PopString 5464DC
ClaRUN.dll:Cla$PopTemp 5464E0
ClaRUN.dll:Cla$PushBind 5464E4,401158
ClaRUN.dll:Cla$PushCString 5464E8
ClaRUN.dll:Cla$PushLong 5464EC
ClaRUN.dll:Cla$PushPictDec 5464F0
ClaRUN.dll:Cla$PushPictLong 5464F4
ClaRUN.dll:Cla$PushReal 5464F8
ClaRUN.dll:Cla$PushString 5464FC
ClaRUN.dll:Cla$PushTemp 546500
ClaRUN.dll:Cla$PushUfo 546504
ClaRUN.dll:Cla$PUTqueue 546508
ClaRUN.dll:Cla$RANDOM 54650C,401160
ClaRUN.dll:Cla$realdistinct 546510
ClaRUN.dll:Cla$RECORDSqueue 546514,401168
ClaRUN.dll:Cla$RefAssignAny 546518
ClaRUN.dll:Cla$REGULAR 54651C,401170
ClaRUN.dll:Cla$RemoveFile 546520,401178
ClaRUN.dll:Cla$RenameFile 546524,401180
ClaRUN.dll:Cla$ROLLBACK 546528,401188
ClaRUN.dll:Cla$SetPropS 54652C
ClaRUN.dll:Cla$SetPropV 546530
ClaRUN.dll:Cla$SHORTPATH 546534,401190
ClaRUN.dll:Cla$SORTqueuefkey 546538
ClaRUN.dll:Cla$Stack2DStack 54653C
ClaRUN.dll:Cla$Stack2Ufo 546540
ClaRUN.dll:Cla$StackALL 546544,401198
ClaRUN.dll:Cla$StackCLIP 546548,4011A0
ClaRUN.dll:Cla$StackCompare 54654C
ClaRUN.dll:Cla$StackCompareN 546550
ClaRUN.dll:Cla$StackCompareNEQ 546554
ClaRUN.dll:Cla$StackCompareR 546558
ClaRUN.dll:Cla$StackConcat 54655C
ClaRUN.dll:Cla$StackConcatR 546560
ClaRUN.dll:Cla$StackDEFORMAT2 546564
ClaRUN.dll:Cla$StackErrstr 546568,4011A8
ClaRUN.dll:Cla$StackFORMAT2 54656C
ClaRUN.dll:Cla$StackHeap 546570
ClaRUN.dll:Cla$StackINLIST 546574
ClaRUN.dll:Cla$StackINSTRING 546578,4011B0
ClaRUN.dll:Cla$StackLEFT 54657C,4011B8
ClaRUN.dll:Cla$StackLen 546580,4011C0
ClaRUN.dll:Cla$StackLOWER 546584,4011C8
ClaRUN.dll:Cla$StackNUMERIC 546588,4011D0
ClaRUN.dll:Cla$STACKpop 54658C
ClaRUN.dll:Cla$StackRIGHT 546590,4011D8
ClaRUN.dll:Cla$StackRotate 546594
ClaRUN.dll:Cla$StackSUB 546598,4011E0
ClaRUN.dll:Cla$StackUPPER 54659C,4011E8
ClaRUN.dll:Cla$StackVAL 5465A0
ClaRUN.dll:Cla$STATUSfile 5465A4,4011F0
ClaRUN.dll:Cla$STOP 5465A8,4011F8
ClaRUN.dll:Cla$storecstr 5465AC
ClaRUN.dll:Cla$storepstr 5465B0
ClaRUN.dll:Cla$storestr 5465B4
ClaRUN.dll:Cla$String2Ref 5465B8
ClaRUN.dll:Cla$THREAD 5465BC,401200
ClaRUN.dll:Cla$TODAY 5465C0,401208
ClaRUN.dll:Cla$Ufo2Real 5465C4
ClaRUN.dll:Cla$UfoRealDiff 5465C8
ClaRUN.dll:Cla$VIEW_SETvl 5465CC,401210
ClaRUN.dll:Cla$WHAT 5465D0,401218
ClaRUN.dll:Cla$WHATqueue 5465D4,401220
ClaRUN.dll:Cla$WHO 5465D8,401228
ClaRUN.dll:Cla$WHOqueue 5465DC,401230
ClaRUN.dll:Cla$YEAR 5465E0,401238
ClaRUN.dll:_exit 5465E4,401240
ClaRUN.dll:_free 5465E8
ClaRUN.dll:_malloc 5465EC
ClaRUN.dll:_memchr 5465F0,401248
ClaRUN.dll:_memcmp 5465F4,401250
ClaRUN.dll:_memcpy 5465F8,401258
ClaRUN.dll:_memicmp 5465FC,401260
ClaRUN.dll:_memmove 546600,401268
ClaRUN.dll:_memset 546604,401270
ClaRUN.dll:_srand 546608,401278
ClaRUN.dll:__sysinit 54660C,401280
ClaRUN.dll:__sysstart 546610,401288
KERNEL32.dll:CloseHandle 546664,401290
KERNEL32.dll:CreateFileA 546668,401298
KERNEL32.dll:DeleteFileA 54666C,4012A0
KERNEL32.dll:FlushFileBuffers 546670,4012A8
KERNEL32.dll:FormatMessageA 546674,4012B0
KERNEL32.dll:FreeLibrary 546678,4012B8
KERNEL32.dll:GetCurrentProcessId 54667C,4012C0
KERNEL32.dll:GetFileSize 546680,4012C8
KERNEL32.dll:GetLastError 546684,4012D0
KERNEL32.dll:GetProcAddress 546688,4012D8
KERNEL32.dll:LoadLibraryA 54668C,4012E0
KERNEL32.dll:MultiByteToWideChar 546690,4012E8
KERNEL32.dll:OutputDebugStringA 546694,4012F0
KERNEL32.dll:ReadFile 546698,4012F8
KERNEL32.dll:SetErrorMode 54669C
KERNEL32.dll:SetFilePointer 5466A0,401300
KERNEL32.dll:WideCharToMultiByte 5466A4,401308
KERNEL32.dll:WriteFile 5466A8,401310
USER32.dll:GetSysColor 5466B8,401318



Entry Point:   401320